../Drivers/STM32L4xx_HAL_Driver/Inc/stm32l4xx_ll_usart.h:3496:22:LL_USART_ClearFlag_IDLE	16	static
../Drivers/STM32L4xx_HAL_Driver/Inc/stm32l4xx_ll_usart.h:4543:25:LL_USART_ReceiveData8	16	static
../Drivers/STM32L4xx_HAL_Driver/Inc/stm32l4xx_ll_gpio.h:956:22:LL_GPIO_SetOutputPin	16	static
../Drivers/STM32L4xx_HAL_Driver/Inc/stm32l4xx_ll_gpio.h:1014:22:LL_GPIO_TogglePin	24	static
../Core/Src/freertos.c:88:6:MX_FREERTOS_Init	8	static
../Core/Src/freertos.c:134:6:StartDefaultTask	16	static
../Core/Src/freertos.c:150:6:Usart_data_parse	24	static
../Core/Src/freertos.c:167:6:UartReadTask	24	static
